// Jest Snapshot v1, https://goo.gl/fbAQLP

exports[`Profile Snapshot of Profile Component 1`] = `
Array [
  <main
    className="grid md:grid-cols-2 gap-8 py-10 px-4 md:px-16"
  >
    <article>
      <h2
        className="text-[2rem] font-semibold mb-2 "
      >
        My Mission
      </h2>
      <section
        className="border border-[#121212]"
        data-testid="mission-container"
      />
    </article>
    <article>
      <h2
        className="text-[2rem] font-semibold mb-2 "
      >
        My Rockets
      </h2>
      <section
        className="border border-[#121212]"
        data-testid="rocket-container"
      />
    </article>
  </main>,
  <main
    className="pb-10"
  >
    <section
      className="px-4 md:px-20 pt-8 space-y-8 md:space-y-4"
    />
  </main>,
  <main
    className="overflow-scroll"
  >
    <table
      className="static table-auto mx-6"
    >
      <thead>
        <tr>
          <th
            className="border px-4 py-2"
          >
            Mission
          </th>
          <th
            className="border px-4 py-2"
          >
            Description
          </th>
          <th
            className="border px-4 py-2"
          >
            Status
          </th>
          <th
            className="border px-4 py-2"
          >
             
          </th>
        </tr>
      </thead>
      <tbody />
    </table>
  </main>,
]
`;
